08/20/26 19:08:58 ******************************************************
08/20/26 19:08:58 ** condor_dagman (CONDOR_DAGMAN) STARTING UP
08/20/26 19:08:58 ** /usr/bin/condor_dagman
08/20/26 19:08:58 ** SubsystemInfo: name=DAGMAN type=DAGMAN(9) class=CLIENT(2)
08/20/26 19:08:58 ** Configuration: subsystem:DAGMAN local:<NONE> class:CLIENT
08/20/26 19:08:58 ** $CondorVersion: 25.12.2 2026-07-20 BuildID: 933077 PackageID: 25.12.2-1 $
08/20/26 19:08:58 ** $CondorPlatform: x86_64_AlmaLinux8 $
08/20/26 19:08:58 ** PID = 130894 RealUID = 48006
08/20/26 19:08:58 ** Log last touched time unavailable (No such file or directory)
08/20/26 19:08:58 ******************************************************
08/20/26 19:08:58 Using config source: /etc/condor/condor_config
08/20/26 19:08:58 Using local config sources: 
08/20/26 19:08:58    /etc/condor/config.d/00-base
08/20/26 19:08:58    /etc/condor/config.d/00-htcondor-9.0.config
08/20/26 19:08:58    /etc/condor/config.d/00-logging
08/20/26 19:08:58    /etc/condor/config.d/10-accounting
08/20/26 19:08:58    /etc/condor/config.d/10-cgroups
08/20/26 19:08:58    /etc/condor/config.d/10-jobmanagement
08/20/26 19:08:58    /etc/condor/config.d/10-quotas
08/20/26 19:08:58    /etc/condor/config.d/10-security
08/20/26 19:08:58    /etc/condor/config.d/10-stash-plugin.conf
08/20/26 19:08:58    /etc/condor/config.d/20-misc
08/20/26 19:08:58    /etc/condor/config.d/20-schedd
08/20/26 19:08:58    /etc/condor/config.d/40-oauth-credmon.conf
08/20/26 19:08:58    /etc/condor/config.d/40-oauth-tokens.conf
08/20/26 19:08:58    /etc/condor/config.d/50-transfer-limits
08/20/26 19:08:58    /etc/condor/config.d/99-job-epoch-history
08/20/26 19:08:58    /etc/condor/config.d/99-librarian
08/20/26 19:08:58    /etc/condor/config.d/99-request-disk
08/20/26 19:08:58    /etc/condor/config.d/99_zz_pelican_retry
08/20/26 19:08:58    /etc/condor/config.d/cpuinfo
08/20/26 19:08:58    /etc/condor/condor_config.local
08/20/26 19:08:58 config Macros = 297, Sorted = 297, StringBytes = 13768, TablesBytes = 10892
08/20/26 19:08:58 CLASSAD_CACHING is ENABLED
08/20/26 19:08:58 Daemon Log is logging: D_ALWAYS D_ERROR D_STATUS
08/20/26 19:08:58 Daemoncore: Listening at <10.13.5.48:9655> on TCP (ReliSock) and UDP (SafeSock).
08/20/26 19:08:58 DaemonCore: command socket at <10.13.5.48:9655?PrivAddr=%3c10.13.5.48:9655%3e&PrivNet=ldasinternal&addrs=10.13.5.48-9655&alias=ldas-pcdev5.ligo-la.caltech.edu>
08/20/26 19:08:58 DaemonCore: private command socket at <10.13.5.48:9655?addrs=10.13.5.48-9655>
08/20/26 19:08:58 DAGMAN_USE_OLD_FILE_PARSER setting: False
08/20/26 19:08:58 DAGMAN_USE_STRICT setting: 1
08/20/26 19:08:58 DAGMAN_VERBOSITY setting: 3
08/20/26 19:08:58 DAGMAN_DEBUG_CACHE_SIZE setting: 5242880
08/20/26 19:08:58 DAGMAN_DEBUG_CACHE_ENABLE setting: True
08/20/26 19:08:58 DAGMAN_SUBMIT_DELAY setting: 0
08/20/26 19:08:58 DAGMAN_MAX_SUBMIT_ATTEMPTS setting: 6
08/20/26 19:08:58 DAGMAN_STARTUP_CYCLE_DETECT setting: False
08/20/26 19:08:58 DAGMAN_USE_JOIN_NODES setting: True
08/20/26 19:08:58 DAGMAN_REPORT_GRAPH_METRICS setting: False
08/20/26 19:08:58 DAGMAN_MAX_SUBMITS_PER_INTERVAL setting: 100
08/20/26 19:08:58 DAGMAN_AGGRESSIVE_SUBMIT setting: False
08/20/26 19:08:58 DAGMAN_USER_LOG_SCAN_INTERVAL setting: 5
08/20/26 19:08:58 DAGMAN_QUEUE_UPDATE_INTERVAL setting: 300.000000
08/20/26 19:08:58 DAGMAN_DEFAULT_PRIORITY setting: 0
08/20/26 19:08:58 DAGMAN_SUPPRESS_NOTIFICATION setting: False
08/20/26 19:08:58 allow_events (DAGMAN_ALLOW_EVENTS) setting: 114
08/20/26 19:08:58 DAGMAN_RETRY_SUBMIT_FIRST setting: True
08/20/26 19:08:58 DAGMAN_RETRY_NODE_FIRST setting: False
08/20/26 19:08:58 DAGMAN_MAX_JOBS_IDLE setting: 100
08/20/26 19:08:58 DAGMAN_MAX_JOBS_SUBMITTED setting: 2000
08/20/26 19:08:58 DAGMAN_MAX_PRE_SCRIPTS setting: 20
08/20/26 19:08:58 DAGMAN_MAX_POST_SCRIPTS setting: 20
08/20/26 19:08:58 DAGMAN_MAX_HOLD_SCRIPTS setting: 20
08/20/26 19:08:58 DAGMAN_MUNGE_NODE_NAMES setting: True
08/20/26 19:08:58 DAGMAN_ALLOW_ANY_NODE_NAME_CHARACTERS setting: False
08/20/26 19:08:58 DAGMAN_PROHIBIT_MULTI_JOBS setting: False
08/20/26 19:08:58 DAGMAN_SUBMIT_DEPTH_FIRST setting: True
08/20/26 19:08:58 DAGMAN_ALWAYS_RUN_POST setting: False
08/20/26 19:08:58 DAGMAN_CONDOR_SUBMIT_EXE setting: /usr/bin/condor_submit
08/20/26 19:08:58 DAGMAN_CONDOR_RM_EXE setting: /usr/bin/condor_rm
08/20/26 19:08:58 DAGMAN_USE_DIRECT_SUBMIT setting: True
08/20/26 19:08:58 DAGMAN_PRODUCE_JOB_CREDENTIALS setting: True
08/20/26 19:08:58 DAGMAN_DEFAULT_APPEND_VARS setting: True
08/20/26 19:08:58 DAGMAN_INHERIT_ATTRS_PREFIX setting: 
08/20/26 19:08:58 DAGMAN_INHERIT_ATTRS setting: 
08/20/26 19:08:58 DAGMAN_ABORT_DUPLICATES setting: True
08/20/26 19:08:58 DAGMAN_ABORT_ON_SCARY_SUBMIT setting: True
08/20/26 19:08:58 DAGMAN_PENDING_REPORT_INTERVAL setting: 600
08/20/26 19:08:58 DAGMAN_CHECK_QUEUE_INTERVAL setting: 28800
08/20/26 19:08:58 DAGMAN_PRINT_JOB_TABLE_INTERVAL setting: 900
08/20/26 19:08:58 DAGMAN_AUTO_RESCUE setting: True
08/20/26 19:08:58 DAGMAN_MAX_RESCUE_NUM setting: 100
08/20/26 19:08:58 DAGMAN_RESET_RETRIES_UPON_RESCUE setting: True
08/20/26 19:08:58 DAGMAN_METRICS_FILE_VERSION setting: 2
08/20/26 19:08:58 DAGMAN_DEFAULT_NODE_LOG setting: @(DAG_DIR)/@(DAG_FILE).nodes.log
08/20/26 19:08:58 DAGMAN_LOG_ON_NFS_IS_ERROR setting: False
08/20/26 19:08:58 DAGMAN_GENERATE_SUBDAG_SUBMITS setting: True
08/20/26 19:08:58 DAGMAN_MAX_JOB_HOLDS setting: 100
08/20/26 19:08:58 DAGMAN_NODE_JOB_FAILURE_TOLERANCE setting: 0
08/20/26 19:08:58 DAGMAN_HOLD_CLAIM_TIME setting: 20
08/20/26 19:08:58 DAGMAN_SUPPRESS_JOB_LOGS setting: False
08/20/26 19:08:58 DAGMAN_REMOVE_NODE_JOBS setting: True
08/20/26 19:08:58 DAGMAN_PUT_FAILED_JOBS_ON_HOLD setting: False
08/20/26 19:08:58 DAGMAN_REMOVE_JOBS_AFTER_LIMIT_CHANGE setting: False
08/20/26 19:08:58 DAGMAN will adjust edges after parsing
08/20/26 19:08:58 Enabling log line cache for increased NFS performance.
08/20/26 19:08:58 Can't open directory "/etc/condor/passwords.d" as PRIV_ROOT, errno: 13 (Permission denied)
08/20/26 19:08:58 Can't open directory "/etc/condor/passwords.d" as PRIV_ROOT, errno: 13 (Permission denied)
08/20/26 19:08:58 argv[0] == "/bin/condor_dagman"
08/20/26 19:08:58 argv[1] == "-Lockfile"
08/20/26 19:08:58 argv[2] == "workflow.dag.lock"
08/20/26 19:08:58 argv[3] == "-Dag"
08/20/26 19:08:58 argv[4] == "workflow.dag"
08/20/26 19:08:58 argv[5] == "-CsdVersion"
08/20/26 19:08:58 argv[6] == "$CondorVersion: 25.12.2 2026-07-20 BuildID: 933077 PackageID: 25.12.2-1 $"
08/20/26 19:08:58 argv[7] == "-dagman"
08/20/26 19:08:58 argv[8] == "/bin/condor_dagman"
08/20/26 19:08:58 argv[9] == "-AutoRescue"
08/20/26 19:08:58 argv[10] == "1"
08/20/26 19:08:58 Workflow batch-id: <10853070.0>
08/20/26 19:08:58 Workflow batch-name: <workflow.dag+10853070>
08/20/26 19:08:58 Workflow accounting_group: <>
08/20/26 19:08:58 Workflow accounting_group_user: <>
08/20/26 19:08:58 Warning: failed to get attribute DAGNodeName
08/20/26 19:08:58 Default node log file is: </home/ashishthomas.mathew/gaussianity-testing-for-real-gw-data/./workflow.dag.nodes.log>
08/20/26 19:08:58 Note:  DAGMAN_MAX_JOBS_IDLE has been changed from the default setting; if your submit files create multiple procs, you should probably set DAGMAN_MAX_SUBMITS_PER_INTERVAL to 1
08/20/26 19:08:58 Note:  DAGMAN_MAX_SUBMITS_PER_INTERVAL has been changed to 10 because of your DAGMAN_MAX_JOBS_IDLE setting of 100
08/20/26 19:08:58 Setting DAGMan throttles:
08/20/26 19:08:58 	Maximum Idle Jobs-------------: 100
08/20/26 19:08:58 	Maximum Pre Scripts-----------: 20
08/20/26 19:08:58 	Maximum Hold Scripts----------: 20
08/20/26 19:08:58 	Maximum Post Scripts----------: 20
08/20/26 19:08:58 	Maximum Submitted Nodes-------: 2000
08/20/26 19:08:58 	Maximum Submits Per Interval--: 10
08/20/26 19:08:58 DAG Lockfile will be written to workflow.dag.lock
08/20/26 19:08:58 DAG Input file is workflow.dag
08/20/26 19:08:58 Parsing 1 dagfiles
08/20/26 19:08:58 Parsing workflow.dag ...
08/20/26 19:08:58 Adjusting edges
08/20/26 19:08:58 Dag contains 7 total nodes
08/20/26 19:08:58 Bootstrapping...
08/20/26 19:08:58 Number of pre-completed nodes: 0
08/20/26 19:08:58 MultiLogFiles: truncating log file /home/ashishthomas.mathew/gaussianity-testing-for-real-gw-data/./workflow.dag.nodes.log
08/20/26 19:08:58 DAG status: 0 (DAG_STATUS_OK)
08/20/26 19:08:58 Of 7 nodes total:
08/20/26 19:08:58  Done     Pre   Queued    Post   Ready   Un-Ready   Failed   Futile
08/20/26 19:08:58   ===     ===      ===     ===     ===        ===      ===      ===
08/20/26 19:08:58     0       0        0       0       1          6        0        0
08/20/26 19:08:58 0 job proc(s) currently held
08/20/26 19:08:58 DAGMan Runtime Statistics: [EventCycleTimeSum=0.000; SleepCycleTimeSum=0.000; SubmitCycleTimeSum=0.000; EventCycleTimeCount=0.000; SleepCycleTimeCount=0.000; SubmitCycleTimeCount=0.000; LogProcessCycleTimeSum=0.000; LogProcessCycleTimeCount=0.000; ]
08/20/26 19:08:58 Registering condor_event_timer...
08/20/26 19:08:59 Submitting HTCondor Node Split_Data job(s)...
08/20/26 19:08:59 Submitting node Split_Data from file split_data.sub using direct job submission
08/20/26 19:08:59 Can't open directory "/etc/condor/passwords.d" as PRIV_ROOT, errno: 13 (Permission denied)
08/20/26 19:08:59 Can't open directory "/etc/condor/passwords.d" as PRIV_ROOT, errno: 13 (Permission denied)
08/20/26 19:08:59 CRED: CredD says we have everything: scitokens
08/20/26 19:08:59 	assigned HTCondor ID (10853071.0.0)
08/20/26 19:08:59 Just submitted 1 job this cycle...
08/20/26 19:08:59 DAG status: 0 (DAG_STATUS_OK)
08/20/26 19:08:59 Of 7 nodes total:
08/20/26 19:08:59  Done     Pre   Queued    Post   Ready   Un-Ready   Failed   Futile
08/20/26 19:08:59   ===     ===      ===     ===     ===        ===      ===      ===
08/20/26 19:08:59     0       0        1       0       0          6        0        0
08/20/26 19:08:59 0 job proc(s) currently held
08/20/26 19:08:59 DAGMan Runtime Statistics: [EventCycleTimeSum=0.000; SleepCycleTimeSum=0.000; SubmitCycleTimeAvg=0.056; SubmitCycleTimeMax=0.056; SubmitCycleTimeMin=0.056; SubmitCycleTimeStd=0.056; SubmitCycleTimeSum=0.056; EventCycleTimeCount=0.000; SleepCycleTimeCount=0.000; SubmitCycleTimeCount=1.000; LogProcessCycleTimeSum=0.000; LogProcessCycleTimeCount=0.000; ]
08/20/26 19:09:04 Currently monitoring 1 HTCondor log file(s)
08/20/26 19:09:04 Reassigning the id of job Split_Data from (10853071.0.0) to (10853071.0.0)
08/20/26 19:09:04 Event: ULOG_SUBMIT for HTCondor Node Split_Data (10853071.0.0) {08/20/26 19:08:59}
08/20/26 19:09:04 Number of idle job procs: 1
08/20/26 19:09:29 Currently monitoring 1 HTCondor log file(s)
08/20/26 19:09:29 Event: ULOG_EXECUTE for HTCondor Node Split_Data (10853071.0.0) {08/20/26 19:09:24}
08/20/26 19:09:29 Number of idle job procs: 0
08/20/26 19:09:29 Event: ULOG_JOB_TERMINATED for HTCondor Node Split_Data (10853071.0.0) {08/20/26 19:09:26}
08/20/26 19:09:29 Number of idle job procs: 0
08/20/26 19:09:29 Node Split_Data job proc (10853071.0.0) completed successfully.
08/20/26 19:09:29 Node Split_Data job(s) have exited the queue
08/20/26 19:09:29 DAG status: 0 (DAG_STATUS_OK)
08/20/26 19:09:29 Of 7 nodes total:
08/20/26 19:09:29  Done     Pre   Queued    Post   Ready   Un-Ready   Failed   Futile
08/20/26 19:09:29   ===     ===      ===     ===     ===        ===      ===      ===
08/20/26 19:09:29     1       0        0       0       2          4        0        0
08/20/26 19:09:29 0 job proc(s) currently held
08/20/26 19:09:29 DAGMan Runtime Statistics: [EventCycleTimeAvg=0.018; EventCycleTimeMax=0.063; EventCycleTimeMin=0.000; EventCycleTimeStd=0.028; EventCycleTimeSum=0.108; SleepCycleTimeAvg=5.009; SleepCycleTimeMax=5.031; SleepCycleTimeMin=5.004; SleepCycleTimeStd=0.011; SleepCycleTimeSum=30.056; SubmitCycleTimeAvg=0.008; SubmitCycleTimeMax=0.056; SubmitCycleTimeMin=0.000; SubmitCycleTimeStd=0.021; SubmitCycleTimeSum=0.056; EventCycleTimeCount=6.000; SleepCycleTimeCount=6.000; SubmitCycleTimeCount=7.000; LogProcessCycleTimeAvg=0.010; LogProcessCycleTimeMax=0.013; LogProcessCycleTimeMin=0.007; LogProcessCycleTimeStd=0.005; LogProcessCycleTimeSum=0.020; LogProcessCycleTimeCount=2.000; ]
08/20/26 19:09:34 Submitting HTCondor Node Fetch_Glitch_TimeSeries job(s)...
08/20/26 19:09:34 Submitting node Fetch_Glitch_TimeSeries from file fetch_timeseries.sub using direct job submission
08/20/26 19:09:34 CRED: CredD says we have everything: scitokens
08/20/26 19:09:34 ERROR: on Line 16 of submit file: can't open file ./temp/splits_glitch.txt: No such file or directory
08/20/26 19:09:34 Event: ULOG_SUBMIT_FAILURE for HTCondor Node Fetch_Glitch_TimeSeries (-1.-1.-1) {08/20/26 19:09:34} can't open file ./temp/splits_glitch.txt: No such file or directory
08/20/26 19:09:34 Node submit failed after 1 try.
08/20/26 19:09:34 Shortcutting node Fetch_Glitch_TimeSeries retries because of submit failure(s)
08/20/26 19:09:34 DAG status: 2 (DAG_STATUS_NODE_FAILED)
08/20/26 19:09:34 Of 7 nodes total:
08/20/26 19:09:34  Done     Pre   Queued    Post   Ready   Un-Ready   Failed   Futile
08/20/26 19:09:34   ===     ===      ===     ===     ===        ===      ===      ===
08/20/26 19:09:34     1       0        0       0       1          0        1        4
08/20/26 19:09:34 0 job proc(s) currently held
08/20/26 19:09:34 DAGMan Runtime Statistics: [EventCycleTimeAvg=0.018; EventCycleTimeMax=0.063; EventCycleTimeMin=0.000; EventCycleTimeStd=0.026; EventCycleTimeSum=0.127; SleepCycleTimeAvg=5.009; SleepCycleTimeMax=5.031; SleepCycleTimeMin=5.004; SleepCycleTimeStd=0.010; SleepCycleTimeSum=35.060; SubmitCycleTimeAvg=0.009; SubmitCycleTimeMax=0.056; SubmitCycleTimeMin=0.000; SubmitCycleTimeStd=0.020; SubmitCycleTimeSum=0.069; EventCycleTimeCount=7.000; SleepCycleTimeCount=7.000; SubmitCycleTimeCount=8.000; LogProcessCycleTimeAvg=0.010; LogProcessCycleTimeMax=0.013; LogProcessCycleTimeMin=0.007; LogProcessCycleTimeStd=0.005; LogProcessCycleTimeSum=0.020; LogProcessCycleTimeCount=2.000; ]
08/20/26 19:09:39 Submitting HTCondor Node Fetch_Clean_TimeSeries job(s)...
08/20/26 19:09:39 Submitting node Fetch_Clean_TimeSeries from file fetch_timeseries.sub using direct job submission
08/20/26 19:09:39 CRED: CredD says we have everything: scitokens
08/20/26 19:09:39 ERROR: on Line 16 of submit file: can't open file ./temp/splits_clean.txt: No such file or directory
08/20/26 19:09:39 Event: ULOG_SUBMIT_FAILURE for HTCondor Node Fetch_Clean_TimeSeries (-1.-1.-1) {08/20/26 19:09:39} can't open file ./temp/splits_clean.txt: No such file or directory
08/20/26 19:09:39 Node submit failed after 1 try.
08/20/26 19:09:39 Shortcutting node Fetch_Clean_TimeSeries retries because of submit failure(s)
08/20/26 19:09:39 DAG status: 2 (DAG_STATUS_NODE_FAILED)
08/20/26 19:09:39 Of 7 nodes total:
08/20/26 19:09:39  Done     Pre   Queued    Post   Ready   Un-Ready   Failed   Futile
08/20/26 19:09:39   ===     ===      ===     ===     ===        ===      ===      ===
08/20/26 19:09:39     1       0        0       0       0          0        2        4
08/20/26 19:09:39 0 job proc(s) currently held
08/20/26 19:09:39 DAGMan Runtime Statistics: [EventCycleTimeAvg=0.019; EventCycleTimeMax=0.063; EventCycleTimeMin=0.000; EventCycleTimeStd=0.024; EventCycleTimeSum=0.152; SleepCycleTimeAvg=5.008; SleepCycleTimeMax=5.031; SleepCycleTimeMin=5.004; SleepCycleTimeStd=0.009; SleepCycleTimeSum=40.064; SubmitCycleTimeAvg=0.009; SubmitCycleTimeMax=0.056; SubmitCycleTimeMin=0.000; SubmitCycleTimeStd=0.019; SubmitCycleTimeSum=0.080; EventCycleTimeCount=8.000; SleepCycleTimeCount=8.000; SubmitCycleTimeCount=9.000; LogProcessCycleTimeAvg=0.010; LogProcessCycleTimeMax=0.013; LogProcessCycleTimeMin=0.007; LogProcessCycleTimeStd=0.005; LogProcessCycleTimeSum=0.020; LogProcessCycleTimeCount=2.000; ]
08/20/26 19:09:39 ERROR: the following job(s) failed:
08/20/26 19:09:39 ---------------------- Node ----------------------
08/20/26 19:09:39       Node Name: Fetch_Clean_TimeSeries
08/20/26 19:09:39            Noop: false
08/20/26 19:09:39          NodeID: 1
08/20/26 19:09:39     Node Status: STATUS_ERROR    
08/20/26 19:09:39 Node return val: -1
08/20/26 19:09:39           Error: Job submit failed
08/20/26 19:09:39 Job Submit File: fetch_timeseries.sub
08/20/26 19:09:39  HTCondor Job ID: [not yet submitted]
08/20/26 19:09:39 PARENTS: Split_Data WAITING: 0 CHILDREN: Generate_Clean_Stats Generate_Glitch_Stats
08/20/26 19:09:39 ---------------------- Node ----------------------
08/20/26 19:09:39       Node Name: Fetch_Glitch_TimeSeries
08/20/26 19:09:39            Noop: false
08/20/26 19:09:39          NodeID: 2
08/20/26 19:09:39     Node Status: STATUS_ERROR    
08/20/26 19:09:39 Node return val: -1
08/20/26 19:09:39           Error: Job submit failed
08/20/26 19:09:39 Job Submit File: fetch_timeseries.sub
08/20/26 19:09:39  HTCondor Job ID: [not yet submitted]
08/20/26 19:09:39 PARENTS: Split_Data WAITING: 0 CHILDREN: Generate_Clean_Stats Generate_Glitch_Stats
08/20/26 19:09:39 ---------------------------------------	<END>
08/20/26 19:09:39 Aborting DAG...
08/20/26 19:09:39 Writing Rescue DAG to workflow.dag.rescue001...
08/20/26 19:09:39 Removing submitted jobs...
08/20/26 19:09:39 Removing any/all submitted HTCondor jobs...
08/20/26 19:09:39 Running: /usr/bin/condor_rm -const DAGManJobId==10853070 -reason DAG' 'Abort:' 'DAG' 'is' 'exiting' 'and' 'writing' 'rescue' 'file.
08/20/26 19:09:39 Note: 0 total node deferrals because of -MaxJobs limit (2000)
08/20/26 19:09:39 Note: 0 total node deferrals because of -MaxIdle limit (100)
08/20/26 19:09:39 Note: 0 total node deferrals because of node category throttles
08/20/26 19:09:39 Note: 0 total PRE script deferrals because of -MaxPre limit (20) or DEFER
08/20/26 19:09:39 Note: 0 total POST script deferrals because of -MaxPost limit (20) or DEFER
08/20/26 19:09:39 Note: 0 total HOLD script deferrals because of -MaxHold limit (20) or DEFER
08/20/26 19:09:39 DAG status: 2 (DAG_STATUS_NODE_FAILED)
08/20/26 19:09:39 Of 7 nodes total:
08/20/26 19:09:39  Done     Pre   Queued    Post   Ready   Un-Ready   Failed   Futile
08/20/26 19:09:39   ===     ===      ===     ===     ===        ===      ===      ===
08/20/26 19:09:39     1       0        0       0       0          0        2        4
08/20/26 19:09:39 0 job proc(s) currently held
08/20/26 19:09:39 DAGMan Runtime Statistics: [EventCycleTimeAvg=0.019; EventCycleTimeMax=0.063; EventCycleTimeMin=0.000; EventCycleTimeStd=0.024; EventCycleTimeSum=0.152; SleepCycleTimeAvg=5.008; SleepCycleTimeMax=5.031; SleepCycleTimeMin=5.004; SleepCycleTimeStd=0.009; SleepCycleTimeSum=40.064; SubmitCycleTimeAvg=0.009; SubmitCycleTimeMax=0.056; SubmitCycleTimeMin=0.000; SubmitCycleTimeStd=0.019; SubmitCycleTimeSum=0.080; EventCycleTimeCount=8.000; SleepCycleTimeCount=8.000; SubmitCycleTimeCount=9.000; LogProcessCycleTimeAvg=0.010; LogProcessCycleTimeMax=0.013; LogProcessCycleTimeMin=0.007; LogProcessCycleTimeStd=0.005; LogProcessCycleTimeSum=0.020; LogProcessCycleTimeCount=2.000; ]
08/20/26 19:09:39 Wrote metrics file workflow.dag.metrics.
08/20/26 19:09:39 DAGMan Runtime Statistics: [EventCycleTimeAvg=0.019; EventCycleTimeMax=0.063; EventCycleTimeMin=0.000; EventCycleTimeStd=0.024; EventCycleTimeSum=0.152; SleepCycleTimeAvg=5.008; SleepCycleTimeMax=5.031; SleepCycleTimeMin=5.004; SleepCycleTimeStd=0.009; SleepCycleTimeSum=40.064; SubmitCycleTimeAvg=0.009; SubmitCycleTimeMax=0.056; SubmitCycleTimeMin=0.000; SubmitCycleTimeStd=0.019; SubmitCycleTimeSum=0.080; EventCycleTimeCount=8.000; SleepCycleTimeCount=8.000; SubmitCycleTimeCount=9.000; LogProcessCycleTimeAvg=0.010; LogProcessCycleTimeMax=0.013; LogProcessCycleTimeMin=0.007; LogProcessCycleTimeStd=0.005; LogProcessCycleTimeSum=0.020; LogProcessCycleTimeCount=2.000; ]
08/20/26 19:09:39 **** condor_dagman (condor_DAGMAN) pid 130894 EXITING WITH STATUS 1
